// Jest Snapshot v1, https://goo.gl/fbAQLP

exports[`CharacterProfile should match snapshot 1`] = `
ReactWrapper {
  Symbol(enzyme.__unrendered__): <CharacterProfile
    characterCount={3}
    currentIndex={1}
    dispatchStorageDetailsUpdate={[MockFunction]}
    storedCharacters={Array []}
  />,
  Symbol(enzyme.__renderer__): Object {
    "batchedUpdates": [Function],
    "getNode": [Function],
    "render": [Function],
    "simulateError": [Function],
    "simulateEvent": [Function],
    "unmount": [Function],
  },
  Symbol(enzyme.__root__): [Circular],
  Symbol(enzyme.__node__): Object {
    "instance": CharacterProfile {
      "_reactInternalFiber": FiberNode {
        "_debugID": 57,
        "_debugIsCurrentlyTiming": false,
        "_debugOwner": FiberNode {
          "_debugID": 56,
          "_debugIsCurrentlyTiming": false,
          "_debugOwner": null,
          "_debugSource": null,
          "actualDuration": 0,
          "actualStartTime": -1,
          "alternate": null,
          "child": [Circular],
          "childExpirationTime": 0,
          "effectTag": 1,
          "elementType": [Function],
          "expirationTime": 0,
          "firstContextDependency": null,
          "firstEffect": null,
          "index": 0,
          "key": null,
          "lastEffect": null,
          "memoizedProps": Object {
            "Component": [Function],
            "context": null,
            "props": Object {
              "characterCount": 3,
              "currentIndex": 1,
              "dispatchStorageDetailsUpdate": [MockFunction],
              "storedCharacters": Array [],
            },
          },
          "memoizedState": Object {
            "context": null,
            "mount": true,
            "props": Object {
              "characterCount": 3,
              "currentIndex": 1,
              "dispatchStorageDetailsUpdate": [MockFunction],
              "storedCharacters": Array [],
            },
          },
          "mode": 0,
          "nextEffect": null,
          "pendingProps": Object {
            "Component": [Function],
            "context": null,
            "props": Object {
              "characterCount": 3,
              "currentIndex": 1,
              "dispatchStorageDetailsUpdate": [MockFunction],
              "storedCharacters": Array [],
            },
          },
          "ref": null,
          "return": FiberNode {
            "_debugID": 54,
            "_debugIsCurrentlyTiming": false,
            "_debugOwner": null,
            "_debugSource": null,
            "actualDuration": 0,
            "actualStartTime": -1,
            "alternate": FiberNode {
              "_debugID": 54,
              "_debugIsCurrentlyTiming": false,
              "_debugOwner": null,
              "_debugSource": null,
              "actualDuration": 0,
              "actualStartTime": -1,
              "alternate": [Circular],
              "child": null,
              "childExpirationTime": 0,
              "effectTag": 0,
              "elementType": null,
              "expirationTime": 1,
              "firstContextDependency": null,
              "firstEffect": null,
              "index": 0,
              "key": null,
              "lastEffect": null,
              "memoizedProps": null,
              "memoizedState": null,
              "mode": 0,
              "nextEffect": null,
              "pendingProps": null,
              "ref": null,
              "return": null,
              "selfBaseDuration": 0,
              "sibling": null,
              "stateNode": Object {
                "containerInfo": <div>
                  <div
                    class="loading-screen"
                  >
                    <img
                      class="loading-pic"
                      src="spiderman-loading.gif"
                    />
                    <h3
                      class="loading-msg"
                    >
                      Loading...
                    </h3>
                  </div>
                </div>,
                "context": Object {},
                "current": [Circular],
                "didError": false,
                "earliestPendingTime": 0,
                "earliestSuspendedTime": 0,
                "expirationTime": 0,
                "finishedWork": null,
                "firstBatch": null,
                "hydrate": false,
                "interactionThreadID": 13,
                "latestPendingTime": 0,
                "latestPingedTime": 0,
                "latestSuspendedTime": 0,
                "memoizedInteractions": Set {},
                "nextExpirationTimeToWorkOn": 0,
                "nextScheduledRoot": null,
                "pendingChildren": null,
                "pendingCommitExpirationTime": 0,
                "pendingContext": null,
                "pendingInteractionMap": Map {},
                "timeoutHandle": -1,
              },
              "tag": 3,
              "treeBaseDuration": 0,
              "type": null,
              "updateQueue": Object {
                "baseState": null,
                "firstCapturedEffect": null,
                "firstCapturedUpdate": null,
                "firstEffect": null,
                "firstUpdate": Object {
                  "callback": null,
                  "expirationTime": 1,
                  "next": null,
                  "nextEffect": null,
                  "payload": Object {
                    "element": <WrapperComponent
                      Component={[Function]}
                      context={null}
                      props={
                        Object {
                          "characterCount": 3,
                          "currentIndex": 1,
                          "dispatchStorageDetailsUpdate": [MockFunction],
                          "storedCharacters": Array [],
                        }
                      }
                    />,
                  },
                  "tag": 0,
                },
                "lastCapturedEffect": null,
                "lastCapturedUpdate": null,
                "lastEffect": null,
                "lastUpdate": Object {
                  "callback": null,
                  "expirationTime": 1,
                  "next": null,
                  "nextEffect": null,
                  "payload": Object {
                    "element": <WrapperComponent
                      Component={[Function]}
                      context={null}
                      props={
                        Object {
                          "characterCount": 3,
                          "currentIndex": 1,
                          "dispatchStorageDetailsUpdate": [MockFunction],
                          "storedCharacters": Array [],
                        }
                      }
                    />,
                  },
                  "tag": 0,
                },
              },
            },
            "child": [Circular],
            "childExpirationTime": 0,
            "effectTag": 32,
            "elementType": null,
            "expirationTime": 0,
            "firstContextDependency": null,
            "firstEffect": [Circular],
            "index": 0,
            "key": null,
            "lastEffect": [Circular],
            "memoizedProps": null,
            "memoizedState": Object {
              "element": <WrapperComponent
                Component={[Function]}
                context={null}
                props={
                  Object {
                    "characterCount": 3,
                    "currentIndex": 1,
                    "dispatchStorageDetailsUpdate": [MockFunction],
                    "storedCharacters": Array [],
                  }
                }
              />,
            },
            "mode": 0,
            "nextEffect": null,
            "pendingProps": null,
            "ref": null,
            "return": null,
            "selfBaseDuration": 0,
            "sibling": null,
            "stateNode": Object {
              "containerInfo": <div>
                <div
                  class="loading-screen"
                >
                  <img
                    class="loading-pic"
                    src="spiderman-loading.gif"
                  />
                  <h3
                    class="loading-msg"
                  >
                    Loading...
                  </h3>
                </div>
              </div>,
              "context": Object {},
              "current": [Circular],
              "didError": false,
              "earliestPendingTime": 0,
              "earliestSuspendedTime": 0,
              "expirationTime": 0,
              "finishedWork": null,
              "firstBatch": null,
              "hydrate": false,
              "interactionThreadID": 13,
              "latestPendingTime": 0,
              "latestPingedTime": 0,
              "latestSuspendedTime": 0,
              "memoizedInteractions": Set {},
              "nextExpirationTimeToWorkOn": 0,
              "nextScheduledRoot": null,
              "pendingChildren": null,
              "pendingCommitExpirationTime": 0,
              "pendingContext": null,
              "pendingInteractionMap": Map {},
              "timeoutHandle": -1,
            },
            "tag": 3,
            "treeBaseDuration": 0,
            "type": null,
            "updateQueue": Object {
              "baseState": Object {
                "element": <WrapperComponent
                  Component={[Function]}
                  context={null}
                  props={
                    Object {
                      "characterCount": 3,
                      "currentIndex": 1,
                      "dispatchStorageDetailsUpdate": [MockFunction],
                      "storedCharacters": Array [],
                    }
                  }
                />,
              },
              "firstCapturedEffect": null,
              "firstCapturedUpdate": null,
              "firstEffect": null,
              "firstUpdate": null,
              "lastCapturedEffect": null,
              "lastCapturedUpdate": null,
              "lastEffect": null,
              "lastUpdate": null,
            },
          },
          "selfBaseDuration": 0,
          "sibling": null,
          "stateNode": WrapperComponent {
            "_reactInternalFiber": [Circular],
            "_reactInternalInstance": Object {},
            "context": Object {},
            "props": Object {
              "Component": [Function],
              "context": null,
              "props": Object {
                "characterCount": 3,
                "currentIndex": 1,
                "dispatchStorageDetailsUpdate": [MockFunction],
                "storedCharacters": Array [],
              },
            },
            "refs": Object {},
            "state": Object {
              "context": null,
              "mount": true,
              "props": Object {
                "characterCount": 3,
                "currentIndex": 1,
                "dispatchStorageDetailsUpdate": [MockFunction],
                "storedCharacters": Array [],
              },
            },
            "updater": Object {
              "enqueueForceUpdate": [Function],
              "enqueueReplaceState": [Function],
              "enqueueSetState": [Function],
              "isMounted": [Function],
            },
          },
          "tag": 1,
          "treeBaseDuration": 0,
          "type": [Function],
          "updateQueue": null,
        },
        "_debugSource": null,
        "actualDuration": 0,
        "actualStartTime": -1,
        "alternate": null,
        "child": FiberNode {
          "_debugID": 58,
          "_debugIsCurrentlyTiming": false,
          "_debugOwner": [Circular],
          "_debugSource": Object {
            "fileName": "/Users/christopherchateau/Desktop/turing/3/projects/marvelous/src/containers/CharacterProfile/index.js",
            "lineNumber": 85,
          },
          "actualDuration": 0,
          "actualStartTime": -1,
          "alternate": null,
          "child": FiberNode {
            "_debugID": 59,
            "_debugIsCurrentlyTiming": false,
            "_debugOwner": [Circular],
            "_debugSource": Object {
              "fileName": "/Users/christopherchateau/Desktop/turing/3/projects/marvelous/src/containers/CharacterProfile/index.js",
              "lineNumber": 86,
            },
            "actualDuration": 0,
            "actualStartTime": -1,
            "alternate": null,
            "child": null,
            "childExpirationTime": 0,
            "effectTag": 0,
            "elementType": "img",
            "expirationTime": 0,
            "firstContextDependency": null,
            "firstEffect": null,
            "index": 0,
            "key": null,
            "lastEffect": null,
            "memoizedProps": Object {
              "className": "loading-pic",
              "src": "spiderman-loading.gif",
            },
            "memoizedState": null,
            "mode": 0,
            "nextEffect": null,
            "pendingProps": Object {
              "className": "loading-pic",
              "src": "spiderman-loading.gif",
            },
            "ref": null,
            "return": [Circular],
            "selfBaseDuration": 0,
            "sibling": FiberNode {
              "_debugID": 60,
              "_debugIsCurrentlyTiming": false,
              "_debugOwner": [Circular],
              "_debugSource": Object {
                "fileName": "/Users/christopherchateau/Desktop/turing/3/projects/marvelous/src/containers/CharacterProfile/index.js",
                "lineNumber": 87,
              },
              "actualDuration": 0,
              "actualStartTime": -1,
              "alternate": null,
              "child": null,
              "childExpirationTime": 0,
              "effectTag": 0,
              "elementType": "h3",
              "expirationTime": 0,
              "firstContextDependency": null,
              "firstEffect": null,
              "index": 1,
              "key": null,
              "lastEffect": null,
              "memoizedProps": Object {
                "children": "Loading...",
                "className": "loading-msg",
              },
              "memoizedState": null,
              "mode": 0,
              "nextEffect": null,
              "pendingProps": Object {
                "children": "Loading...",
                "className": "loading-msg",
              },
              "ref": null,
              "return": [Circular],
              "selfBaseDuration": 0,
              "sibling": null,
              "stateNode": <h3
                class="loading-msg"
              >
                Loading...
              </h3>,
              "tag": 5,
              "treeBaseDuration": 0,
              "type": "h3",
              "updateQueue": null,
            },
            "stateNode": <img
              class="loading-pic"
              src="spiderman-loading.gif"
            />,
            "tag": 5,
            "treeBaseDuration": 0,
            "type": "img",
            "updateQueue": null,
          },
          "childExpirationTime": 0,
          "effectTag": 0,
          "elementType": "div",
          "expirationTime": 0,
          "firstContextDependency": null,
          "firstEffect": null,
          "index": 0,
          "key": null,
          "lastEffect": null,
          "memoizedProps": Object {
            "children": Array [
              <img
                className="loading-pic"
                src="spiderman-loading.gif"
              />,
              <h3
                className="loading-msg"
              >
                Loading...
              </h3>,
            ],
            "className": "loading-screen",
          },
          "memoizedState": null,
          "mode": 0,
          "nextEffect": null,
          "pendingProps": Object {
            "children": Array [
              <img
                className="loading-pic"
                src="spiderman-loading.gif"
              />,
              <h3
                className="loading-msg"
              >
                Loading...
              </h3>,
            ],
            "className": "loading-screen",
          },
          "ref": null,
          "return": [Circular],
          "selfBaseDuration": 0,
          "sibling": null,
          "stateNode": <div
            class="loading-screen"
          >
            <img
              class="loading-pic"
              src="spiderman-loading.gif"
            />
            <h3
              class="loading-msg"
            >
              Loading...
            </h3>
          </div>,
          "tag": 5,
          "treeBaseDuration": 0,
          "type": "div",
          "updateQueue": null,
        },
        "childExpirationTime": 0,
        "effectTag": 1,
        "elementType": [Function],
        "expirationTime": 0,
        "firstContextDependency": null,
        "firstEffect": null,
        "index": 0,
        "key": null,
        "lastEffect": null,
        "memoizedProps": Object {
          "characterCount": 3,
          "currentIndex": 1,
          "dispatchStorageDetailsUpdate": [MockFunction],
          "storedCharacters": Array [],
        },
        "memoizedState": null,
        "mode": 0,
        "nextEffect": null,
        "pendingProps": Object {
          "characterCount": 3,
          "currentIndex": 1,
          "dispatchStorageDetailsUpdate": [MockFunction],
          "storedCharacters": Array [],
        },
        "ref": null,
        "return": FiberNode {
          "_debugID": 56,
          "_debugIsCurrentlyTiming": false,
          "_debugOwner": null,
          "_debugSource": null,
          "actualDuration": 0,
          "actualStartTime": -1,
          "alternate": null,
          "child": [Circular],
          "childExpirationTime": 0,
          "effectTag": 1,
          "elementType": [Function],
          "expirationTime": 0,
          "firstContextDependency": null,
          "firstEffect": null,
          "index": 0,
          "key": null,
          "lastEffect": null,
          "memoizedProps": Object {
            "Component": [Function],
            "context": null,
            "props": Object {
              "characterCount": 3,
              "currentIndex": 1,
              "dispatchStorageDetailsUpdate": [MockFunction],
              "storedCharacters": Array [],
            },
          },
          "memoizedState": Object {
            "context": null,
            "mount": true,
            "props": Object {
              "characterCount": 3,
              "currentIndex": 1,
              "dispatchStorageDetailsUpdate": [MockFunction],
              "storedCharacters": Array [],
            },
          },
          "mode": 0,
          "nextEffect": null,
          "pendingProps": Object {
            "Component": [Function],
            "context": null,
            "props": Object {
              "characterCount": 3,
              "currentIndex": 1,
              "dispatchStorageDetailsUpdate": [MockFunction],
              "storedCharacters": Array [],
            },
          },
          "ref": null,
          "return": FiberNode {
            "_debugID": 54,
            "_debugIsCurrentlyTiming": false,
            "_debugOwner": null,
            "_debugSource": null,
            "actualDuration": 0,
            "actualStartTime": -1,
            "alternate": FiberNode {
              "_debugID": 54,
              "_debugIsCurrentlyTiming": false,
              "_debugOwner": null,
              "_debugSource": null,
              "actualDuration": 0,
              "actualStartTime": -1,
              "alternate": [Circular],
              "child": null,
              "childExpirationTime": 0,
              "effectTag": 0,
              "elementType": null,
              "expirationTime": 1,
              "firstContextDependency": null,
              "firstEffect": null,
              "index": 0,
              "key": null,
              "lastEffect": null,
              "memoizedProps": null,
              "memoizedState": null,
              "mode": 0,
              "nextEffect": null,
              "pendingProps": null,
              "ref": null,
              "return": null,
              "selfBaseDuration": 0,
              "sibling": null,
              "stateNode": Object {
                "containerInfo": <div>
                  <div
                    class="loading-screen"
                  >
                    <img
                      class="loading-pic"
                      src="spiderman-loading.gif"
                    />
                    <h3
                      class="loading-msg"
                    >
                      Loading...
                    </h3>
                  </div>
                </div>,
                "context": Object {},
                "current": [Circular],
                "didError": false,
                "earliestPendingTime": 0,
                "earliestSuspendedTime": 0,
                "expirationTime": 0,
                "finishedWork": null,
                "firstBatch": null,
                "hydrate": false,
                "interactionThreadID": 13,
                "latestPendingTime": 0,
                "latestPingedTime": 0,
                "latestSuspendedTime": 0,
                "memoizedInteractions": Set {},
                "nextExpirationTimeToWorkOn": 0,
                "nextScheduledRoot": null,
                "pendingChildren": null,
                "pendingCommitExpirationTime": 0,
                "pendingContext": null,
                "pendingInteractionMap": Map {},
                "timeoutHandle": -1,
              },
              "tag": 3,
              "treeBaseDuration": 0,
              "type": null,
              "updateQueue": Object {
                "baseState": null,
                "firstCapturedEffect": null,
                "firstCapturedUpdate": null,
                "firstEffect": null,
                "firstUpdate": Object {
                  "callback": null,
                  "expirationTime": 1,
                  "next": null,
                  "nextEffect": null,
                  "payload": Object {
                    "element": <WrapperComponent
                      Component={[Function]}
                      context={null}
                      props={
                        Object {
                          "characterCount": 3,
                          "currentIndex": 1,
                          "dispatchStorageDetailsUpdate": [MockFunction],
                          "storedCharacters": Array [],
                        }
                      }
                    />,
                  },
                  "tag": 0,
                },
                "lastCapturedEffect": null,
                "lastCapturedUpdate": null,
                "lastEffect": null,
                "lastUpdate": Object {
                  "callback": null,
                  "expirationTime": 1,
                  "next": null,
                  "nextEffect": null,
                  "payload": Object {
                    "element": <WrapperComponent
                      Component={[Function]}
                      context={null}
                      props={
                        Object {
                          "characterCount": 3,
                          "currentIndex": 1,
                          "dispatchStorageDetailsUpdate": [MockFunction],
                          "storedCharacters": Array [],
                        }
                      }
                    />,
                  },
                  "tag": 0,
                },
              },
            },
            "child": [Circular],
            "childExpirationTime": 0,
            "effectTag": 32,
            "elementType": null,
            "expirationTime": 0,
            "firstContextDependency": null,
            "firstEffect": [Circular],
            "index": 0,
            "key": null,
            "lastEffect": [Circular],
            "memoizedProps": null,
            "memoizedState": Object {
              "element": <WrapperComponent
                Component={[Function]}
                context={null}
                props={
                  Object {
                    "characterCount": 3,
                    "currentIndex": 1,
                    "dispatchStorageDetailsUpdate": [MockFunction],
                    "storedCharacters": Array [],
                  }
                }
              />,
            },
            "mode": 0,
            "nextEffect": null,
            "pendingProps": null,
            "ref": null,
            "return": null,
            "selfBaseDuration": 0,
            "sibling": null,
            "stateNode": Object {
              "containerInfo": <div>
                <div
                  class="loading-screen"
                >
                  <img
                    class="loading-pic"
                    src="spiderman-loading.gif"
                  />
                  <h3
                    class="loading-msg"
                  >
                    Loading...
                  </h3>
                </div>
              </div>,
              "context": Object {},
              "current": [Circular],
              "didError": false,
              "earliestPendingTime": 0,
              "earliestSuspendedTime": 0,
              "expirationTime": 0,
              "finishedWork": null,
              "firstBatch": null,
              "hydrate": false,
              "interactionThreadID": 13,
              "latestPendingTime": 0,
              "latestPingedTime": 0,
              "latestSuspendedTime": 0,
              "memoizedInteractions": Set {},
              "nextExpirationTimeToWorkOn": 0,
              "nextScheduledRoot": null,
              "pendingChildren": null,
              "pendingCommitExpirationTime": 0,
              "pendingContext": null,
              "pendingInteractionMap": Map {},
              "timeoutHandle": -1,
            },
            "tag": 3,
            "treeBaseDuration": 0,
            "type": null,
            "updateQueue": Object {
              "baseState": Object {
                "element": <WrapperComponent
                  Component={[Function]}
                  context={null}
                  props={
                    Object {
                      "characterCount": 3,
                      "currentIndex": 1,
                      "dispatchStorageDetailsUpdate": [MockFunction],
                      "storedCharacters": Array [],
                    }
                  }
                />,
              },
              "firstCapturedEffect": null,
              "firstCapturedUpdate": null,
              "firstEffect": null,
              "firstUpdate": null,
              "lastCapturedEffect": null,
              "lastCapturedUpdate": null,
              "lastEffect": null,
              "lastUpdate": null,
            },
          },
          "selfBaseDuration": 0,
          "sibling": null,
          "stateNode": WrapperComponent {
            "_reactInternalFiber": [Circular],
            "_reactInternalInstance": Object {},
            "context": Object {},
            "props": Object {
              "Component": [Function],
              "context": null,
              "props": Object {
                "characterCount": 3,
                "currentIndex": 1,
                "dispatchStorageDetailsUpdate": [MockFunction],
                "storedCharacters": Array [],
              },
            },
            "refs": Object {},
            "state": Object {
              "context": null,
              "mount": true,
              "props": Object {
                "characterCount": 3,
                "currentIndex": 1,
                "dispatchStorageDetailsUpdate": [MockFunction],
                "storedCharacters": Array [],
              },
            },
            "updater": Object {
              "enqueueForceUpdate": [Function],
              "enqueueReplaceState": [Function],
              "enqueueSetState": [Function],
              "isMounted": [Function],
            },
          },
          "tag": 1,
          "treeBaseDuration": 0,
          "type": [Function],
          "updateQueue": null,
        },
        "selfBaseDuration": 0,
        "sibling": null,
        "stateNode": [Circular],
        "tag": 1,
        "treeBaseDuration": 0,
        "type": [Function],
        "updateQueue": null,
      },
      "_reactInternalInstance": Object {},
      "context": Object {},
      "handleArrowClick": [Function],
      "props": Object {
        "characterCount": 3,
        "currentIndex": 1,
        "dispatchStorageDetailsUpdate": [MockFunction],
        "storedCharacters": Array [],
      },
      "refs": Object {},
      "state": null,
      "updater": Object {
        "enqueueForceUpdate": [Function],
        "enqueueReplaceState": [Function],
        "enqueueSetState": [Function],
        "isMounted": [Function],
      },
    },
    "key": undefined,
    "nodeType": "class",
    "props": Object {
      "characterCount": 3,
      "currentIndex": 1,
      "dispatchStorageDetailsUpdate": [MockFunction],
      "storedCharacters": Array [],
    },
    "ref": null,
    "rendered": Object {
      "instance": <div
        class="loading-screen"
      >
        <img
          class="loading-pic"
          src="spiderman-loading.gif"
        />
        <h3
          class="loading-msg"
        >
          Loading...
        </h3>
      </div>,
      "key": undefined,
      "nodeType": "host",
      "props": Object {
        "children": Array [
          <img
            className="loading-pic"
            src="spiderman-loading.gif"
          />,
          <h3
            className="loading-msg"
          >
            Loading...
          </h3>,
        ],
        "className": "loading-screen",
      },
      "ref": null,
      "rendered": Array [
        Object {
          "instance": <img
            class="loading-pic"
            src="spiderman-loading.gif"
          />,
          "key": undefined,
          "nodeType": "host",
          "props": Object {
            "className": "loading-pic",
            "src": "spiderman-loading.gif",
          },
          "ref": null,
          "rendered": Array [
            undefined,
          ],
          "type": "img",
        },
        Object {
          "instance": <h3
            class="loading-msg"
          >
            Loading...
          </h3>,
          "key": undefined,
          "nodeType": "host",
          "props": Object {
            "children": "Loading...",
            "className": "loading-msg",
          },
          "ref": null,
          "rendered": Array [
            "Loading...",
          ],
          "type": "h3",
        },
      ],
      "type": "div",
    },
    "type": [Function],
  },
  Symbol(enzyme.__nodes__): Array [
    Object {
      "instance": CharacterProfile {
        "_reactInternalFiber": FiberNode {
          "_debugID": 57,
          "_debugIsCurrentlyTiming": false,
          "_debugOwner": FiberNode {
            "_debugID": 56,
            "_debugIsCurrentlyTiming": false,
            "_debugOwner": null,
            "_debugSource": null,
            "actualDuration": 0,
            "actualStartTime": -1,
            "alternate": null,
            "child": [Circular],
            "childExpirationTime": 0,
            "effectTag": 1,
            "elementType": [Function],
            "expirationTime": 0,
            "firstContextDependency": null,
            "firstEffect": null,
            "index": 0,
            "key": null,
            "lastEffect": null,
            "memoizedProps": Object {
              "Component": [Function],
              "context": null,
              "props": Object {
                "characterCount": 3,
                "currentIndex": 1,
                "dispatchStorageDetailsUpdate": [MockFunction],
                "storedCharacters": Array [],
              },
            },
            "memoizedState": Object {
              "context": null,
              "mount": true,
              "props": Object {
                "characterCount": 3,
                "currentIndex": 1,
                "dispatchStorageDetailsUpdate": [MockFunction],
                "storedCharacters": Array [],
              },
            },
            "mode": 0,
            "nextEffect": null,
            "pendingProps": Object {
              "Component": [Function],
              "context": null,
              "props": Object {
                "characterCount": 3,
                "currentIndex": 1,
                "dispatchStorageDetailsUpdate": [MockFunction],
                "storedCharacters": Array [],
              },
            },
            "ref": null,
            "return": FiberNode {
              "_debugID": 54,
              "_debugIsCurrentlyTiming": false,
              "_debugOwner": null,
              "_debugSource": null,
              "actualDuration": 0,
              "actualStartTime": -1,
              "alternate": FiberNode {
                "_debugID": 54,
                "_debugIsCurrentlyTiming": false,
                "_debugOwner": null,
                "_debugSource": null,
                "actualDuration": 0,
                "actualStartTime": -1,
                "alternate": [Circular],
                "child": null,
                "childExpirationTime": 0,
                "effectTag": 0,
                "elementType": null,
                "expirationTime": 1,
                "firstContextDependency": null,
                "firstEffect": null,
                "index": 0,
                "key": null,
                "lastEffect": null,
                "memoizedProps": null,
                "memoizedState": null,
                "mode": 0,
                "nextEffect": null,
                "pendingProps": null,
                "ref": null,
                "return": null,
                "selfBaseDuration": 0,
                "sibling": null,
                "stateNode": Object {
                  "containerInfo": <div>
                    <div
                      class="loading-screen"
                    >
                      <img
                        class="loading-pic"
                        src="spiderman-loading.gif"
                      />
                      <h3
                        class="loading-msg"
                      >
                        Loading...
                      </h3>
                    </div>
                  </div>,
                  "context": Object {},
                  "current": [Circular],
                  "didError": false,
                  "earliestPendingTime": 0,
                  "earliestSuspendedTime": 0,
                  "expirationTime": 0,
                  "finishedWork": null,
                  "firstBatch": null,
                  "hydrate": false,
                  "interactionThreadID": 13,
                  "latestPendingTime": 0,
                  "latestPingedTime": 0,
                  "latestSuspendedTime": 0,
                  "memoizedInteractions": Set {},
                  "nextExpirationTimeToWorkOn": 0,
                  "nextScheduledRoot": null,
                  "pendingChildren": null,
                  "pendingCommitExpirationTime": 0,
                  "pendingContext": null,
                  "pendingInteractionMap": Map {},
                  "timeoutHandle": -1,
                },
                "tag": 3,
                "treeBaseDuration": 0,
                "type": null,
                "updateQueue": Object {
                  "baseState": null,
                  "firstCapturedEffect": null,
                  "firstCapturedUpdate": null,
                  "firstEffect": null,
                  "firstUpdate": Object {
                    "callback": null,
                    "expirationTime": 1,
                    "next": null,
                    "nextEffect": null,
                    "payload": Object {
                      "element": <WrapperComponent
                        Component={[Function]}
                        context={null}
                        props={
                          Object {
                            "characterCount": 3,
                            "currentIndex": 1,
                            "dispatchStorageDetailsUpdate": [MockFunction],
                            "storedCharacters": Array [],
                          }
                        }
                      />,
                    },
                    "tag": 0,
                  },
                  "lastCapturedEffect": null,
                  "lastCapturedUpdate": null,
                  "lastEffect": null,
                  "lastUpdate": Object {
                    "callback": null,
                    "expirationTime": 1,
                    "next": null,
                    "nextEffect": null,
                    "payload": Object {
                      "element": <WrapperComponent
                        Component={[Function]}
                        context={null}
                        props={
                          Object {
                            "characterCount": 3,
                            "currentIndex": 1,
                            "dispatchStorageDetailsUpdate": [MockFunction],
                            "storedCharacters": Array [],
                          }
                        }
                      />,
                    },
                    "tag": 0,
                  },
                },
              },
              "child": [Circular],
              "childExpirationTime": 0,
              "effectTag": 32,
              "elementType": null,
              "expirationTime": 0,
              "firstContextDependency": null,
              "firstEffect": [Circular],
              "index": 0,
              "key": null,
              "lastEffect": [Circular],
              "memoizedProps": null,
              "memoizedState": Object {
                "element": <WrapperComponent
                  Component={[Function]}
                  context={null}
                  props={
                    Object {
                      "characterCount": 3,
                      "currentIndex": 1,
                      "dispatchStorageDetailsUpdate": [MockFunction],
                      "storedCharacters": Array [],
                    }
                  }
                />,
              },
              "mode": 0,
              "nextEffect": null,
              "pendingProps": null,
              "ref": null,
              "return": null,
              "selfBaseDuration": 0,
              "sibling": null,
              "stateNode": Object {
                "containerInfo": <div>
                  <div
                    class="loading-screen"
                  >
                    <img
                      class="loading-pic"
                      src="spiderman-loading.gif"
                    />
                    <h3
                      class="loading-msg"
                    >
                      Loading...
                    </h3>
                  </div>
                </div>,
                "context": Object {},
                "current": [Circular],
                "didError": false,
                "earliestPendingTime": 0,
                "earliestSuspendedTime": 0,
                "expirationTime": 0,
                "finishedWork": null,
                "firstBatch": null,
                "hydrate": false,
                "interactionThreadID": 13,
                "latestPendingTime": 0,
                "latestPingedTime": 0,
                "latestSuspendedTime": 0,
                "memoizedInteractions": Set {},
                "nextExpirationTimeToWorkOn": 0,
                "nextScheduledRoot": null,
                "pendingChildren": null,
                "pendingCommitExpirationTime": 0,
                "pendingContext": null,
                "pendingInteractionMap": Map {},
                "timeoutHandle": -1,
              },
              "tag": 3,
              "treeBaseDuration": 0,
              "type": null,
              "updateQueue": Object {
                "baseState": Object {
                  "element": <WrapperComponent
                    Component={[Function]}
                    context={null}
                    props={
                      Object {
                        "characterCount": 3,
                        "currentIndex": 1,
                        "dispatchStorageDetailsUpdate": [MockFunction],
                        "storedCharacters": Array [],
                      }
                    }
                  />,
                },
                "firstCapturedEffect": null,
                "firstCapturedUpdate": null,
                "firstEffect": null,
                "firstUpdate": null,
                "lastCapturedEffect": null,
                "lastCapturedUpdate": null,
                "lastEffect": null,
                "lastUpdate": null,
              },
            },
            "selfBaseDuration": 0,
            "sibling": null,
            "stateNode": WrapperComponent {
              "_reactInternalFiber": [Circular],
              "_reactInternalInstance": Object {},
              "context": Object {},
              "props": Object {
                "Component": [Function],
                "context": null,
                "props": Object {
                  "characterCount": 3,
                  "currentIndex": 1,
                  "dispatchStorageDetailsUpdate": [MockFunction],
                  "storedCharacters": Array [],
                },
              },
              "refs": Object {},
              "state": Object {
                "context": null,
                "mount": true,
                "props": Object {
                  "characterCount": 3,
                  "currentIndex": 1,
                  "dispatchStorageDetailsUpdate": [MockFunction],
                  "storedCharacters": Array [],
                },
              },
              "updater": Object {
                "enqueueForceUpdate": [Function],
                "enqueueReplaceState": [Function],
                "enqueueSetState": [Function],
                "isMounted": [Function],
              },
            },
            "tag": 1,
            "treeBaseDuration": 0,
            "type": [Function],
            "updateQueue": null,
          },
          "_debugSource": null,
          "actualDuration": 0,
          "actualStartTime": -1,
          "alternate": null,
          "child": FiberNode {
            "_debugID": 58,
            "_debugIsCurrentlyTiming": false,
            "_debugOwner": [Circular],
            "_debugSource": Object {
              "fileName": "/Users/christopherchateau/Desktop/turing/3/projects/marvelous/src/containers/CharacterProfile/index.js",
              "lineNumber": 85,
            },
            "actualDuration": 0,
            "actualStartTime": -1,
            "alternate": null,
            "child": FiberNode {
              "_debugID": 59,
              "_debugIsCurrentlyTiming": false,
              "_debugOwner": [Circular],
              "_debugSource": Object {
                "fileName": "/Users/christopherchateau/Desktop/turing/3/projects/marvelous/src/containers/CharacterProfile/index.js",
                "lineNumber": 86,
              },
              "actualDuration": 0,
              "actualStartTime": -1,
              "alternate": null,
              "child": null,
              "childExpirationTime": 0,
              "effectTag": 0,
              "elementType": "img",
              "expirationTime": 0,
              "firstContextDependency": null,
              "firstEffect": null,
              "index": 0,
              "key": null,
              "lastEffect": null,
              "memoizedProps": Object {
                "className": "loading-pic",
                "src": "spiderman-loading.gif",
              },
              "memoizedState": null,
              "mode": 0,
              "nextEffect": null,
              "pendingProps": Object {
                "className": "loading-pic",
                "src": "spiderman-loading.gif",
              },
              "ref": null,
              "return": [Circular],
              "selfBaseDuration": 0,
              "sibling": FiberNode {
                "_debugID": 60,
                "_debugIsCurrentlyTiming": false,
                "_debugOwner": [Circular],
                "_debugSource": Object {
                  "fileName": "/Users/christopherchateau/Desktop/turing/3/projects/marvelous/src/containers/CharacterProfile/index.js",
                  "lineNumber": 87,
                },
                "actualDuration": 0,
                "actualStartTime": -1,
                "alternate": null,
                "child": null,
                "childExpirationTime": 0,
                "effectTag": 0,
                "elementType": "h3",
                "expirationTime": 0,
                "firstContextDependency": null,
                "firstEffect": null,
                "index": 1,
                "key": null,
                "lastEffect": null,
                "memoizedProps": Object {
                  "children": "Loading...",
                  "className": "loading-msg",
                },
                "memoizedState": null,
                "mode": 0,
                "nextEffect": null,
                "pendingProps": Object {
                  "children": "Loading...",
                  "className": "loading-msg",
                },
                "ref": null,
                "return": [Circular],
                "selfBaseDuration": 0,
                "sibling": null,
                "stateNode": <h3
                  class="loading-msg"
                >
                  Loading...
                </h3>,
                "tag": 5,
                "treeBaseDuration": 0,
                "type": "h3",
                "updateQueue": null,
              },
              "stateNode": <img
                class="loading-pic"
                src="spiderman-loading.gif"
              />,
              "tag": 5,
              "treeBaseDuration": 0,
              "type": "img",
              "updateQueue": null,
            },
            "childExpirationTime": 0,
            "effectTag": 0,
            "elementType": "div",
            "expirationTime": 0,
            "firstContextDependency": null,
            "firstEffect": null,
            "index": 0,
            "key": null,
            "lastEffect": null,
            "memoizedProps": Object {
              "children": Array [
                <img
                  className="loading-pic"
                  src="spiderman-loading.gif"
                />,
                <h3
                  className="loading-msg"
                >
                  Loading...
                </h3>,
              ],
              "className": "loading-screen",
            },
            "memoizedState": null,
            "mode": 0,
            "nextEffect": null,
            "pendingProps": Object {
              "children": Array [
                <img
                  className="loading-pic"
                  src="spiderman-loading.gif"
                />,
                <h3
                  className="loading-msg"
                >
                  Loading...
                </h3>,
              ],
              "className": "loading-screen",
            },
            "ref": null,
            "return": [Circular],
            "selfBaseDuration": 0,
            "sibling": null,
            "stateNode": <div
              class="loading-screen"
            >
              <img
                class="loading-pic"
                src="spiderman-loading.gif"
              />
              <h3
                class="loading-msg"
              >
                Loading...
              </h3>
            </div>,
            "tag": 5,
            "treeBaseDuration": 0,
            "type": "div",
            "updateQueue": null,
          },
          "childExpirationTime": 0,
          "effectTag": 1,
          "elementType": [Function],
          "expirationTime": 0,
          "firstContextDependency": null,
          "firstEffect": null,
          "index": 0,
          "key": null,
          "lastEffect": null,
          "memoizedProps": Object {
            "characterCount": 3,
            "currentIndex": 1,
            "dispatchStorageDetailsUpdate": [MockFunction],
            "storedCharacters": Array [],
          },
          "memoizedState": null,
          "mode": 0,
          "nextEffect": null,
          "pendingProps": Object {
            "characterCount": 3,
            "currentIndex": 1,
            "dispatchStorageDetailsUpdate": [MockFunction],
            "storedCharacters": Array [],
          },
          "ref": null,
          "return": FiberNode {
            "_debugID": 56,
            "_debugIsCurrentlyTiming": false,
            "_debugOwner": null,
            "_debugSource": null,
            "actualDuration": 0,
            "actualStartTime": -1,
            "alternate": null,
            "child": [Circular],
            "childExpirationTime": 0,
            "effectTag": 1,
            "elementType": [Function],
            "expirationTime": 0,
            "firstContextDependency": null,
            "firstEffect": null,
            "index": 0,
            "key": null,
            "lastEffect": null,
            "memoizedProps": Object {
              "Component": [Function],
              "context": null,
              "props": Object {
                "characterCount": 3,
                "currentIndex": 1,
                "dispatchStorageDetailsUpdate": [MockFunction],
                "storedCharacters": Array [],
              },
            },
            "memoizedState": Object {
              "context": null,
              "mount": true,
              "props": Object {
                "characterCount": 3,
                "currentIndex": 1,
                "dispatchStorageDetailsUpdate": [MockFunction],
                "storedCharacters": Array [],
              },
            },
            "mode": 0,
            "nextEffect": null,
            "pendingProps": Object {
              "Component": [Function],
              "context": null,
              "props": Object {
                "characterCount": 3,
                "currentIndex": 1,
                "dispatchStorageDetailsUpdate": [MockFunction],
                "storedCharacters": Array [],
              },
            },
            "ref": null,
            "return": FiberNode {
              "_debugID": 54,
              "_debugIsCurrentlyTiming": false,
              "_debugOwner": null,
              "_debugSource": null,
              "actualDuration": 0,
              "actualStartTime": -1,
              "alternate": FiberNode {
                "_debugID": 54,
                "_debugIsCurrentlyTiming": false,
                "_debugOwner": null,
                "_debugSource": null,
                "actualDuration": 0,
                "actualStartTime": -1,
                "alternate": [Circular],
                "child": null,
                "childExpirationTime": 0,
                "effectTag": 0,
                "elementType": null,
                "expirationTime": 1,
                "firstContextDependency": null,
                "firstEffect": null,
                "index": 0,
                "key": null,
                "lastEffect": null,
                "memoizedProps": null,
                "memoizedState": null,
                "mode": 0,
                "nextEffect": null,
                "pendingProps": null,
                "ref": null,
                "return": null,
                "selfBaseDuration": 0,
                "sibling": null,
                "stateNode": Object {
                  "containerInfo": <div>
                    <div
                      class="loading-screen"
                    >
                      <img
                        class="loading-pic"
                        src="spiderman-loading.gif"
                      />
                      <h3
                        class="loading-msg"
                      >
                        Loading...
                      </h3>
                    </div>
                  </div>,
                  "context": Object {},
                  "current": [Circular],
                  "didError": false,
                  "earliestPendingTime": 0,
                  "earliestSuspendedTime": 0,
                  "expirationTime": 0,
                  "finishedWork": null,
                  "firstBatch": null,
                  "hydrate": false,
                  "interactionThreadID": 13,
                  "latestPendingTime": 0,
                  "latestPingedTime": 0,
                  "latestSuspendedTime": 0,
                  "memoizedInteractions": Set {},
                  "nextExpirationTimeToWorkOn": 0,
                  "nextScheduledRoot": null,
                  "pendingChildren": null,
                  "pendingCommitExpirationTime": 0,
                  "pendingContext": null,
                  "pendingInteractionMap": Map {},
                  "timeoutHandle": -1,
                },
                "tag": 3,
                "treeBaseDuration": 0,
                "type": null,
                "updateQueue": Object {
                  "baseState": null,
                  "firstCapturedEffect": null,
                  "firstCapturedUpdate": null,
                  "firstEffect": null,
                  "firstUpdate": Object {
                    "callback": null,
                    "expirationTime": 1,
                    "next": null,
                    "nextEffect": null,
                    "payload": Object {
                      "element": <WrapperComponent
                        Component={[Function]}
                        context={null}
                        props={
                          Object {
                            "characterCount": 3,
                            "currentIndex": 1,
                            "dispatchStorageDetailsUpdate": [MockFunction],
                            "storedCharacters": Array [],
                          }
                        }
                      />,
                    },
                    "tag": 0,
                  },
                  "lastCapturedEffect": null,
                  "lastCapturedUpdate": null,
                  "lastEffect": null,
                  "lastUpdate": Object {
                    "callback": null,
                    "expirationTime": 1,
                    "next": null,
                    "nextEffect": null,
                    "payload": Object {
                      "element": <WrapperComponent
                        Component={[Function]}
                        context={null}
                        props={
                          Object {
                            "characterCount": 3,
                            "currentIndex": 1,
                            "dispatchStorageDetailsUpdate": [MockFunction],
                            "storedCharacters": Array [],
                          }
                        }
                      />,
                    },
                    "tag": 0,
                  },
                },
              },
              "child": [Circular],
              "childExpirationTime": 0,
              "effectTag": 32,
              "elementType": null,
              "expirationTime": 0,
              "firstContextDependency": null,
              "firstEffect": [Circular],
              "index": 0,
              "key": null,
              "lastEffect": [Circular],
              "memoizedProps": null,
              "memoizedState": Object {
                "element": <WrapperComponent
                  Component={[Function]}
                  context={null}
                  props={
                    Object {
                      "characterCount": 3,
                      "currentIndex": 1,
                      "dispatchStorageDetailsUpdate": [MockFunction],
                      "storedCharacters": Array [],
                    }
                  }
                />,
              },
              "mode": 0,
              "nextEffect": null,
              "pendingProps": null,
              "ref": null,
              "return": null,
              "selfBaseDuration": 0,
              "sibling": null,
              "stateNode": Object {
                "containerInfo": <div>
                  <div
                    class="loading-screen"
                  >
                    <img
                      class="loading-pic"
                      src="spiderman-loading.gif"
                    />
                    <h3
                      class="loading-msg"
                    >
                      Loading...
                    </h3>
                  </div>
                </div>,
                "context": Object {},
                "current": [Circular],
                "didError": false,
                "earliestPendingTime": 0,
                "earliestSuspendedTime": 0,
                "expirationTime": 0,
                "finishedWork": null,
                "firstBatch": null,
                "hydrate": false,
                "interactionThreadID": 13,
                "latestPendingTime": 0,
                "latestPingedTime": 0,
                "latestSuspendedTime": 0,
                "memoizedInteractions": Set {},
                "nextExpirationTimeToWorkOn": 0,
                "nextScheduledRoot": null,
                "pendingChildren": null,
                "pendingCommitExpirationTime": 0,
                "pendingContext": null,
                "pendingInteractionMap": Map {},
                "timeoutHandle": -1,
              },
              "tag": 3,
              "treeBaseDuration": 0,
              "type": null,
              "updateQueue": Object {
                "baseState": Object {
                  "element": <WrapperComponent
                    Component={[Function]}
                    context={null}
                    props={
                      Object {
                        "characterCount": 3,
                        "currentIndex": 1,
                        "dispatchStorageDetailsUpdate": [MockFunction],
                        "storedCharacters": Array [],
                      }
                    }
                  />,
                },
                "firstCapturedEffect": null,
                "firstCapturedUpdate": null,
                "firstEffect": null,
                "firstUpdate": null,
                "lastCapturedEffect": null,
                "lastCapturedUpdate": null,
                "lastEffect": null,
                "lastUpdate": null,
              },
            },
            "selfBaseDuration": 0,
            "sibling": null,
            "stateNode": WrapperComponent {
              "_reactInternalFiber": [Circular],
              "_reactInternalInstance": Object {},
              "context": Object {},
              "props": Object {
                "Component": [Function],
                "context": null,
                "props": Object {
                  "characterCount": 3,
                  "currentIndex": 1,
                  "dispatchStorageDetailsUpdate": [MockFunction],
                  "storedCharacters": Array [],
                },
              },
              "refs": Object {},
              "state": Object {
                "context": null,
                "mount": true,
                "props": Object {
                  "characterCount": 3,
                  "currentIndex": 1,
                  "dispatchStorageDetailsUpdate": [MockFunction],
                  "storedCharacters": Array [],
                },
              },
              "updater": Object {
                "enqueueForceUpdate": [Function],
                "enqueueReplaceState": [Function],
                "enqueueSetState": [Function],
                "isMounted": [Function],
              },
            },
            "tag": 1,
            "treeBaseDuration": 0,
            "type": [Function],
            "updateQueue": null,
          },
          "selfBaseDuration": 0,
          "sibling": null,
          "stateNode": [Circular],
          "tag": 1,
          "treeBaseDuration": 0,
          "type": [Function],
          "updateQueue": null,
        },
        "_reactInternalInstance": Object {},
        "context": Object {},
        "handleArrowClick": [Function],
        "props": Object {
          "characterCount": 3,
          "currentIndex": 1,
          "dispatchStorageDetailsUpdate": [MockFunction],
          "storedCharacters": Array [],
        },
        "refs": Object {},
        "state": null,
        "updater": Object {
          "enqueueForceUpdate": [Function],
          "enqueueReplaceState": [Function],
          "enqueueSetState": [Function],
          "isMounted": [Function],
        },
      },
      "key": undefined,
      "nodeType": "class",
      "props": Object {
        "characterCount": 3,
        "currentIndex": 1,
        "dispatchStorageDetailsUpdate": [MockFunction],
        "storedCharacters": Array [],
      },
      "ref": null,
      "rendered": Object {
        "instance": <div
          class="loading-screen"
        >
          <img
            class="loading-pic"
            src="spiderman-loading.gif"
          />
          <h3
            class="loading-msg"
          >
            Loading...
          </h3>
        </div>,
        "key": undefined,
        "nodeType": "host",
        "props": Object {
          "children": Array [
            <img
              className="loading-pic"
              src="spiderman-loading.gif"
            />,
            <h3
              className="loading-msg"
            >
              Loading...
            </h3>,
          ],
          "className": "loading-screen",
        },
        "ref": null,
        "rendered": Array [
          Object {
            "instance": <img
              class="loading-pic"
              src="spiderman-loading.gif"
            />,
            "key": undefined,
            "nodeType": "host",
            "props": Object {
              "className": "loading-pic",
              "src": "spiderman-loading.gif",
            },
            "ref": null,
            "rendered": Array [
              undefined,
            ],
            "type": "img",
          },
          Object {
            "instance": <h3
              class="loading-msg"
            >
              Loading...
            </h3>,
            "key": undefined,
            "nodeType": "host",
            "props": Object {
              "children": "Loading...",
              "className": "loading-msg",
            },
            "ref": null,
            "rendered": Array [
              "Loading...",
            ],
            "type": "h3",
          },
        ],
        "type": "div",
      },
      "type": [Function],
    },
  ],
  Symbol(enzyme.__options__): Object {
    "adapter": ReactSixteenAdapter {
      "options": Object {
        "enableComponentDidUpdateOnSetState": true,
        "lifecycles": Object {
          "componentDidUpdate": Object {
            "onSetState": true,
          },
          "getDerivedStateFromProps": true,
          "getSnapshotBeforeUpdate": true,
          "setState": Object {
            "skipsComponentDidUpdateOnNullish": true,
          },
        },
      },
    },
  },
}
`;
